SM_VERSION_CHECK 0
SM_STATS_INFO 1
SM_STATUPDATE_HP 3
SM_STATUPDATE_MP 4
SM_ATTACK_STATUS 5
SM_STATUPDATE_DP 6
SM_DP_INFO 7
SM_STATUPDATE_EXP 8
SM_NPC_ASSEMBLER 10
SM_LEGION_UPDATE_NICKNAME 11
SM_LEGION_TABS 12
SM_ENTER_WORLD_CHECK 13
SM_NPC_INFO 14
SM_PLAYER_SPAWN 15
SM_FORTRESS_INFO 245 
SM_GATHERABLE_INFO 17
SM_TELEPORT_LOC 20
SM_PLAYER_MOVE 21
SM_DELETE 22
SM_LOGIN_QUEUE 23
SM_MESSAGE 24
SM_SYSTEM_MESSAGE 25
SM_INVENTORY_INFO 26
SM_INVENTORY_ADD_ITEM 27
SM_DELETE_ITEM 28
SM_INVENTORY_UPDATE_ITEM 29
SM_UI_SETTINGS 30
SM_PLAYER_STANCE 31
SM_PLAYER_INFO 32
SM_CASTSPELL 33
SM_GATHER_STATUS 34
SM_GATHER_UPDATE 35
SM_UPDATE_PLAYER_APPEARANCE 36
SM_EMOTION 37
SM_UNK_EMOTION 284 
SM_GAME_TIME 38
SM_TIME_CHECK 39
SM_LOOKATOBJECT 40
SM_TARGET_SELECTED 41
SM_SKILL_CANCEL 42
SM_CASTSPELL_RESULT 43
SM_SKILL_LIST 44
SM_SKILL_REMOVE 45
SM_SKILL_ACTIVATION 46
SM_BODYGUARD 47
SM_BODYGUARD_END 48
SM_ABNORMAL_STATE 49
SM_ABNORMAL_EFFECT 50
SM_SKILL_COOLDOWN 51
SM_QUESTION_WINDOW 52
SM_DUEL_REQUEST_CANCEL 53
SM_ATTACK 54
SM_MOVE 55
SM_HEADING_UPDATE 57 
SM_TRANSFORM 58
SM_DIALOG_WINDOW 60
SM_SELL_ITEM 62
SM_VIEW_PLAYER_DETAILS 65
SM_WEATHER 67
SM_PLAYER_STATE 68
SM_LEVEL_UPDATE 70
SM_QUEST_LIST 71
SM_KEY 72
SM_SUMMON_PANEL_REMOVE 73
SM_EXCHANGE_REQUEST 74
SM_EXCHANGE_ADD_ITEM 75
SM_EXCHANGE_ADD_KINAH 77
SM_EXCHANGE_CONFIRMATION 78
SM_EMOTION_LIST 79
SM_TARGET_UPDATE 81
SM_HOUSE_EDIT 82
SM_PLASTIC_SURGERY 83
SM_CONQUEROR_PROTECTOR 84
SM_INFLUENCE_RATIO 85
SM_FORTRESS_STATUS 86
SM_CAPTCHA 87
SM_RENAME 88
SM_SHOW_NPC_ON_MAP 89
SM_GROUP_INFO 90
SM_GROUP_MEMBER_INFO 91
SM_ABYSS_ARTIFACT_INFO 220
SM_QUIT_RESPONSE 98
SM_CHAT_WINDOW 99
SM_PET 101
SM_ITEM_COOLDOWN 103
SM_UPDATE_NOTE 104
SM_PLAY_MOVIE 105 5.0
SM_LEGION_INFO 110
SM_LEGION_ADD_MEMBER 111
SM_LEGION_LEAVE_MEMBER 112
SM_LEGION_UPDATE_MEMBER 113
SM_LEGION_UPDATE_TITLE 114
SM_HOUSE_PAY_RENT 264 
SM_HOUSE_REGISTRY 116
SM_LEGION_UPDATE_SELF_INTRO 119
SM_INSTANCE_SCORE 121
SM_RIFT_STATUS 140
SM_AUTO_GROUP 122
SM_QUEST_COMPLETED_LIST 123
SM_QUEST_ACTION 124
SM_NEARBY_QUESTS 127
SM_PING_RESPONSE 128
SM_CUBE_UPDATE 130
SM_HOUSE_SCRIPTS 131
SM_FRIEND_LIST 132
SM_PRIVATE_STORE 134
SM_GROUP_LOOT 135
SM_ABYSS_RANK_UPDATE 136
SM_MAY_LOGIN_INTO_GAME 137
SM_ABYSS_RANKING_PLAYERS 138
SM_ABYSS_RANKING_LEGIONS 139
SM_INSTANCE_INFO 141
SM_PONG 142
SM_KISK_UPDATE 144
SM_PRIVATE_STORE_NAME 145
SM_BROKER_SERVICE 146
SM_MOTION 148
SM_TRADE_IN_LIST 151
SM_BROKER_REGISTRATION_SERVICE 147
SM_SUMMON_OWNER_REMOVE 154
SM_SUMMON_PANEL 153
SM_SUMMON_UPDATE 155
SM_TRANSFORM_IN_SUMMON 156
SM_LEGION_MEMBERLIST 157
SM_LEGION_EDIT 158
SM_TOLL_INFO 159 ingameshop
SM_MAIL_SERVICE 161
SM_SUMMON_USESKILL 162
SM_WINDSTREAM 163
SM_WINDSTREAM_ANNOUNCE 164
SM_FIND_GROUP 166
SM_REPURCHASE 167
SM_WAREHOUSE_INFO 168
SM_WAREHOUSE_ADD_ITEM 169
SM_DELETE_WAREHOUSE_ITEM 170
SM_WAREHOUSE_UPDATE_ITEM 171
SM_TITLE_INFO 176
SM_CHARACTER_SELECT 177
SM_BROKER_REGISTERED_LIST 177
SM_CRAFT_ANIMATION 180
SM_CRAFT_UPDATE 181
SM_ASCENSION_MORPH 182
SM_ITEM_USAGE_ANIMATION 183
SM_CUSTOM_SETTINGS 184
SM_DUEL 185
SM_PET_EMOTE 187
SM_QUESTIONNAIRE 191
SM_DIE 193
SM_RESURRECT 194
SM_FORCED_MOVE 195
SM_TELEPORT_MAP 196
SM_USE_OBJECT 197
SM_L2AUTH_LOGIN_CHECK 199
SM_CHARACTER_LIST 200
SM_CREATE_CHARACTER 201
SM_DELETE_CHARACTER 202
SM_RESTORE_CHARACTER 203
SM_TARGET_IMMOBILIZE 204
SM_LOOT_STATUS 205
SM_LOOT_ITEMLIST 206
SM_RECIPE_LIST 207
SM_MANTRA_EFFECT 208
SM_SIEGE_LOCATION_INFO 209
SM_SIEGE_LOCATION_STATE 210
SM_PLAYER_SEARCH 211
SM_PLAYER_LEGION_JOIN_REQUEST_INFO 311 
SM_LEGION_JOIN_REQUEST_LIST 312 
SM_LEGION_JOIN_REQUEST_FROM_PLAYER 312
SM_LEGION_ANSWER_JOIN_REQUEST 314
SM_STONESPEAR_SIEGE 304
SM_LEGION_JOIN_SETTING 318 
SM_LEGION_SEARCH 309 
SM_LEGION_SEND_EMBLEM 213
SM_LEGION_SEND_EMBLEM_DATA 214
SM_LEGION_UPDATE_EMBLEM 215
SM_TERRITORY_LIST 305 
SM_REGION_INFO 216
SM_PLAYER_REGION 217
SM_SHIELD_EFFECT 218
SM_FRIEND_RESPONSE 219
SM_TELEPORT_BACK 222
SM_BLOCK_RESPONSE 223
SM_BLOCK_LIST 225
SM_FRIEND_NOTIFY 226
SM_TOWNS_LIST 227
SM_FRIEND_STATUS 228
SM_CHANNEL_INFO 230
SM_CHAT_INIT 231
SM_MACRO_LIST 232
SM_MACRO_RESULT 233
SM_NICKNAME_CHECK_RESPONSE 234
SM_BIND_POINT_INFO 236
SM_RIFT_ANNOUNCE 237
SM_ABYSS_RANK 239 
SM_PETITION 368
SM_FRIEND_UPDATE 242 
SM_LEARN_RECIPE 243 
SM_RECIPE_DELETE 244 
SM_FLY_TIME 246 
SM_ALLIANCE_INFO 247 
SM_ALLIANCE_MEMBER_INFO 248 
SM_LEAVE_GROUP_MEMBER 249 
SM_SHOW_BRAND 251 
SM_ALLIANCE_READY_CHECK 252 
SM_PRICES 254 
SM_TRADELIST 255 
SM_RECONNECT_KEY 257 
SM_INSTANCE_STAGE_INFO 140
SM_HOUSE_BIDS 258 
SM_RECEIVE_BIDS 260 
SM_HOUSE_OWNER_INFO 265 
SM_OBJECT_USE_UPDATE 266 
SM_PACKAGE_INFO_NOTIFY 268 
SM_HOUSE_OBJECT 270 
SM_DELETE_HOUSE_OBJECT 271 
SM_HOUSE_OBJECTS 272 
SM_HOUSE_RENDER 273 
SM_HOUSE_UPDATE 61
SM_DELETE_HOUSE 274 
SM_HOUSE_ACQUIRE 277 
SM_GROUP_DATA_EXCHANGE 178
SM_INSTANCE_COUNT_INFO 147
SM_MARK_FRIENDLIST 281 
SM_DISPUTE_LAND 285 
SM_HOUSE_TELEPORT 221
SM_CHALLENGE_LIST 282 
SM_ACCOUNT_ACCESS_PROPERTIES 240 
SM_ICON_INFO 175
SM_MEGAPHONE 287
SM_RIDE_ROBOT 92
SM_EMOTION_SWITCH 198
SM_SECURITY_TOKEN 276 
SM_SELECT_ITEM_ADD 288 
SM_SELECT_ITEM_LIST 286 
SM_FATIGUE 179
SM_HOTSPOT_TELEPORT 298 
SM_UPGRADE_ARCADE 300 
SM_GAMEGUARD 297
SM_AFTER_TIME_CHECK 294 
SM_QUEST_REPEAT 292 
SM_EVENT_BUFF 284 5.8
SM_BOOST_EVENTS 328
SM_SPLIT_ITEM 235 
SM_TUNE_RESULT 290
SM_PLAYER_PROTECTION 256 
SM_FLAG_INFO 338 
SM_FLAG_UPDATE 339 
SM_MAC_ADDRESS 358 
SM_CHECK_MAIL_SIZE 149 
SM_MINIONS 364 
SM_EVENT_WINDOW 318 
SM_EVENT_WINDOW_ITEMS 340 
SM_SERVER_IDS 278 
SM_FAST_TRACK 150
SM_FAST_TRACK_MOVE 263 
SM_LUNA_SYSTEM_INFO 329 
SM_LUNA_SYSTEM 330 
SM_MAGIC_CRAFT_ANIMATION 333
SM_MAGIC_CRAFT 332
SM_UNK_135 310 
SM_EQUIPMENT_SETTING 359
SM_BATTLEFIELD_UNION_REGISTER 340
SM_BATTLEFIELD_UNION 342
SM_BATTLEFIELD_UNION_POINTS 343
SM_SHUGO_SWEEP 331 
SM_YOUTUBE_VIDEO 326
SM_DAEVANION_SKILL_ENCHANT 377 
SM_DAEVANION_SKILL_FUSION 378 
SM_DIMENSIONAL_HOURGLASS 389 
SM_LUGBUG_MISSION 379 
SM_LUGBUG_MISSION_COUNT 380 
SM_LUGBUG_MISSION_REWARD 381 
SM_LUGBUG_EVENT 382 
SM_LUGBUG_EVENTS 384 
SM_LUGBUG_EVENT_REWARD 385
SM_UNK_60 96
SM_UNK_106 262
SM_UNK_FD 253
SM_UNK_BD 189
SM_UNK_A5 165
SM_UNK_127 295
SM_GF_WEBSHOP_TOKEN 152
SM_ABYSS_RANK_POINTS 307 
SM_UNK_7E 126 
SM_UNK_14F 335
SM_UNK_117 280 
SM_UNK_13B 315 
SM_RANK_LIST 345 
SM_MY_DOCUMENTATION 346
SM_UNK_12B 299
SM_UNK_16A 360
SM_UNK_165 357 
SM_SKILL_ANIMATION 336
SM_UNK_15E 350 
SM_SILVER_STAR 356 
SM_NEVIWIND_CANYON 363
SM_TOWER_OF_CHALLENGE 238 
SM_GODSTONE_DESTROY 302 
SM_TRANSFORMATION 368 
SM_CUBIC_INFO 373
SM_CUBIC 374 
SM_ATREIAN_PASSPORT 301
SM_REMOVE_DYE 479
CLIENT_WHISPER 131
CLIENT_LOOT 1
CLIENT_TAKE_LOOT 2
CLIENT_MOVE_ITEM 3
CLIENT_OPEN_MAIL 124
CLIENT_READ_MAIL 125
CLIENT_TAKE_MAIL_ITEM 127
CLIENT_SEND_MAIL 107
CLIENT_EXPRESS_MAIL 9
CLIENT_MOVE_ITEM_QTY 20
CLIENT_CHANNEL 19
CLIENT_TELEPORT 123
CLIENT_CHAT 130
CLIENT_POLL_MAP 43
CLIENT_DESTROY_ITEM 91
CLIENT_PING 147
CLIENT_TARGET 150
CLIENT_ATTACK 151
CLIENT_SKILL 136
CLIENT_USE_ITEM 156
CLIENT_ACTION 146
CLIENT_NPC_SHOP 154
CLIENT_LOCATION 167
CLIENT_TALK_NPC 155
CLIENT_CLOSE_NPC 172
CLIENT_NPC_OPTION 173
CLIENT_ABANDON_QUEST 71
CLIENT_HARVEST 250
CLIENT_SHARE_QUEST 11
CLIENT_REMOVE_EFFECT 138